[2026-09-06 23:19:15] === AUTO-COMMIT SCHEDULER AKTIF ===
[2026-09-06 23:19:15] Target Waktu: Jam 12 Malam (00:00:00 WIB, 7 September 2026)
[2026-09-06 23:19:15] Status: Menunggu jam 12 malam... Sisa waktu: 40 menit 45 detik.
[2026-09-06 23:19:30] Status: Menunggu jam 12 malam... Sisa waktu: 40 menit 30 detik.
[2026-09-06 23:19:45] Status: Menunggu jam 12 malam... Sisa waktu: 40 menit 15 detik.
[2026-09-06 23:20:00] Status: Menunggu jam 12 malam... Sisa waktu: 40 menit 0 detik.
[2026-09-06 23:20:15] Status: Menunggu jam 12 malam... Sisa waktu: 39 menit 45 detik.
[2026-09-06 23:20:30] Status: Menunggu jam 12 malam... Sisa waktu: 39 menit 29 detik.
[2026-09-06 23:20:45] Status: Menunggu jam 12 malam... Sisa waktu: 39 menit 14 detik.
[2026-09-06 23:21:00] Status: Menunggu jam 12 malam... Sisa waktu: 38 menit 59 detik.
[2026-09-06 23:21:15] Status: Menunggu jam 12 malam... Sisa waktu: 38 menit 44 detik.
[2026-09-06 23:21:30] Status: Menunggu jam 12 malam... Sisa waktu: 38 menit 29 detik.
[2026-09-06 23:21:45] Status: Menunggu jam 12 malam... Sisa waktu: 38 menit 14 detik.
[2026-09-06 23:22:00] Status: Menunggu jam 12 malam... Sisa waktu: 37 menit 59 detik.
[2026-09-06 23:22:15] Status: Menunggu jam 12 malam... Sisa waktu: 37 menit 44 detik.
[2026-09-06 23:22:30] Status: Menunggu jam 12 malam... Sisa waktu: 37 menit 29 detik.
[2026-09-06 23:22:45] Status: Menunggu jam 12 malam... Sisa waktu: 37 menit 14 detik.
[2026-09-06 23:23:00] Status: Menunggu jam 12 malam... Sisa waktu: 36 menit 59 detik.
[2026-09-06 23:23:16] Status: Menunggu jam 12 malam... Sisa waktu: 36 menit 44 detik.
[2026-09-06 23:23:31] Status: Menunggu jam 12 malam... Sisa waktu: 36 menit 29 detik.
[2026-09-06 23:23:46] Status: Menunggu jam 12 malam... Sisa waktu: 36 menit 14 detik.
[2026-09-06 23:24:01] Status: Menunggu jam 12 malam... Sisa waktu: 35 menit 59 detik.
[2026-09-06 23:24:16] Status: Menunggu jam 12 malam... Sisa waktu: 35 menit 44 detik.
[2026-09-06 23:24:31] Status: Menunggu jam 12 malam... Sisa waktu: 35 menit 29 detik.
[2026-09-06 23:24:46] Status: Menunggu jam 12 malam... Sisa waktu: 35 menit 14 detik.
[2026-09-06 23:25:01] Status: Menunggu jam 12 malam... Sisa waktu: 34 menit 59 detik.
[2026-09-06 23:25:16] Status: Menunggu jam 12 malam... Sisa waktu: 34 menit 44 detik.
[2026-09-06 23:25:31] Status: Menunggu jam 12 malam... Sisa waktu: 34 menit 29 detik.
[2026-09-06 23:25:46] Status: Menunggu jam 12 malam... Sisa waktu: 34 menit 14 detik.
[2026-09-06 23:26:01] Status: Menunggu jam 12 malam... Sisa waktu: 33 menit 59 detik.
[2026-09-06 23:26:16] Status: Menunggu jam 12 malam... Sisa waktu: 33 menit 44 detik.
[2026-09-06 23:26:31] Status: Menunggu jam 12 malam... Sisa waktu: 33 menit 29 detik.
[2026-09-06 23:26:46] Status: Menunggu jam 12 malam... Sisa waktu: 33 menit 14 detik.
[2026-09-06 23:27:01] Status: Menunggu jam 12 malam... Sisa waktu: 32 menit 59 detik.
[2026-09-06 23:27:16] Status: Menunggu jam 12 malam... Sisa waktu: 32 menit 44 detik.
[2026-09-06 23:27:31] Status: Menunggu jam 12 malam... Sisa waktu: 32 menit 29 detik.
[2026-09-06 23:27:46] Status: Menunggu jam 12 malam... Sisa waktu: 32 menit 14 detik.
[2026-09-06 23:28:01] Status: Menunggu jam 12 malam... Sisa waktu: 31 menit 59 detik.
[2026-09-06 23:28:16] Status: Menunggu jam 12 malam... Sisa waktu: 31 menit 43 detik.
[2026-09-06 23:28:31] Status: Menunggu jam 12 malam... Sisa waktu: 31 menit 28 detik.
[2026-09-06 23:28:46] Status: Menunggu jam 12 malam... Sisa waktu: 31 menit 13 detik.
[2026-09-06 23:29:01] Status: Menunggu jam 12 malam... Sisa waktu: 30 menit 58 detik.
[2026-09-06 23:29:16] Status: Menunggu jam 12 malam... Sisa waktu: 30 menit 43 detik.
[2026-09-06 23:29:31] Status: Menunggu jam 12 malam... Sisa waktu: 30 menit 28 detik.
[2026-09-06 23:29:46] Status: Menunggu jam 12 malam... Sisa waktu: 30 menit 13 detik.
[2026-09-06 23:30:01] Status: Menunggu jam 12 malam... Sisa waktu: 29 menit 58 detik.
[2026-09-06 23:30:16] Status: Menunggu jam 12 malam... Sisa waktu: 29 menit 43 detik.
[2026-09-06 23:30:31] Status: Menunggu jam 12 malam... Sisa waktu: 29 menit 28 detik.
[2026-09-06 23:30:46] Status: Menunggu jam 12 malam... Sisa waktu: 29 menit 13 detik.
[2026-09-06 23:31:01] Status: Menunggu jam 12 malam... Sisa waktu: 28 menit 58 detik.
[2026-09-06 23:31:16] Status: Menunggu jam 12 malam... Sisa waktu: 28 menit 43 detik.
[2026-09-06 23:31:31] Status: Menunggu jam 12 malam... Sisa waktu: 28 menit 28 detik.
[2026-09-06 23:31:46] Status: Menunggu jam 12 malam... Sisa waktu: 28 menit 13 detik.
[2026-09-06 23:32:01] Status: Menunggu jam 12 malam... Sisa waktu: 27 menit 58 detik.
[2026-09-06 23:32:16] Status: Menunggu jam 12 malam... Sisa waktu: 27 menit 43 detik.
[2026-09-06 23:32:31] Status: Menunggu jam 12 malam... Sisa waktu: 27 menit 28 detik.
[2026-09-06 23:32:46] Status: Menunggu jam 12 malam... Sisa waktu: 27 menit 13 detik.
[2026-09-06 23:33:01] Status: Menunggu jam 12 malam... Sisa waktu: 26 menit 58 detik.
[2026-09-06 23:33:16] Status: Menunggu jam 12 malam... Sisa waktu: 26 menit 43 detik.
[2026-09-06 23:33:31] Status: Menunggu jam 12 malam... Sisa waktu: 26 menit 28 detik.
[2026-09-06 23:33:47] Status: Menunggu jam 12 malam... Sisa waktu: 26 menit 13 detik.
[2026-09-06 23:34:02] Status: Menunggu jam 12 malam... Sisa waktu: 25 menit 58 detik.
[2026-09-06 23:34:17] Status: Menunggu jam 12 malam... Sisa waktu: 25 menit 43 detik.
[2026-09-06 23:34:32] Status: Menunggu jam 12 malam... Sisa waktu: 25 menit 28 detik.
[2026-09-06 23:34:47] Status: Menunggu jam 12 malam... Sisa waktu: 25 menit 13 detik.
[2026-09-06 23:35:02] Status: Menunggu jam 12 malam... Sisa waktu: 24 menit 58 detik.
[2026-09-06 23:35:17] Status: Menunggu jam 12 malam... Sisa waktu: 24 menit 43 detik.
[2026-09-06 23:35:32] Status: Menunggu jam 12 malam... Sisa waktu: 24 menit 28 detik.
[2026-09-06 23:35:47] Status: Menunggu jam 12 malam... Sisa waktu: 24 menit 13 detik.
[2026-09-06 23:36:02] Status: Menunggu jam 12 malam... Sisa waktu: 23 menit 58 detik.
[2026-09-06 23:36:17] Status: Menunggu jam 12 malam... Sisa waktu: 23 menit 43 detik.
[2026-09-06 23:36:32] Status: Menunggu jam 12 malam... Sisa waktu: 23 menit 28 detik.
[2026-09-06 23:36:47] Status: Menunggu jam 12 malam... Sisa waktu: 23 menit 13 detik.
[2026-09-06 23:37:02] Status: Menunggu jam 12 malam... Sisa waktu: 22 menit 58 detik.
[2026-09-06 23:37:17] Status: Menunggu jam 12 malam... Sisa waktu: 22 menit 43 detik.
[2026-09-06 23:37:32] Status: Menunggu jam 12 malam... Sisa waktu: 22 menit 28 detik.
[2026-09-06 23:37:47] Status: Menunggu jam 12 malam... Sisa waktu: 22 menit 13 detik.
[2026-09-06 23:38:02] Status: Menunggu jam 12 malam... Sisa waktu: 21 menit 57 detik.
[2026-09-06 23:38:17] Status: Menunggu jam 12 malam... Sisa waktu: 21 menit 42 detik.
[2026-09-06 23:38:32] Status: Menunggu jam 12 malam... Sisa waktu: 21 menit 27 detik.
[2026-09-06 23:38:47] Status: Menunggu jam 12 malam... Sisa waktu: 21 menit 12 detik.
[2026-09-06 23:39:02] Status: Menunggu jam 12 malam... Sisa waktu: 20 menit 57 detik.
[2026-09-06 23:39:17] Status: Menunggu jam 12 malam... Sisa waktu: 20 menit 42 detik.
[2026-09-06 23:39:32] Status: Menunggu jam 12 malam... Sisa waktu: 20 menit 27 detik.
[2026-09-06 23:39:47] Status: Menunggu jam 12 malam... Sisa waktu: 20 menit 12 detik.
[2026-09-06 23:40:02] Status: Menunggu jam 12 malam... Sisa waktu: 19 menit 57 detik.
[2026-09-06 23:40:18] Status: Menunggu jam 12 malam... Sisa waktu: 19 menit 42 detik.
[2026-09-06 23:40:33] Status: Menunggu jam 12 malam... Sisa waktu: 19 menit 27 detik.
[2026-09-06 23:40:48] Status: Menunggu jam 12 malam... Sisa waktu: 19 menit 12 detik.
[2026-09-06 23:41:03] Status: Menunggu jam 12 malam... Sisa waktu: 18 menit 57 detik.
[2026-09-06 23:41:18] Status: Menunggu jam 12 malam... Sisa waktu: 18 menit 42 detik.
[2026-09-06 23:41:33] Status: Menunggu jam 12 malam... Sisa waktu: 18 menit 27 detik.
[2026-09-06 23:41:48] Status: Menunggu jam 12 malam... Sisa waktu: 18 menit 12 detik.
[2026-09-06 23:42:03] Status: Menunggu jam 12 malam... Sisa waktu: 17 menit 57 detik.
[2026-09-06 23:42:18] Status: Menunggu jam 12 malam... Sisa waktu: 17 menit 42 detik.
[2026-09-06 23:42:33] Status: Menunggu jam 12 malam... Sisa waktu: 17 menit 27 detik.
[2026-09-06 23:42:48] Status: Menunggu jam 12 malam... Sisa waktu: 17 menit 12 detik.
[2026-09-06 23:43:03] Status: Menunggu jam 12 malam... Sisa waktu: 16 menit 57 detik.
[2026-09-06 23:43:18] Status: Menunggu jam 12 malam... Sisa waktu: 16 menit 42 detik.
[2026-09-06 23:43:33] Status: Menunggu jam 12 malam... Sisa waktu: 16 menit 27 detik.
[2026-09-06 23:43:48] Status: Menunggu jam 12 malam... Sisa waktu: 16 menit 11 detik.
[2026-09-06 23:44:03] Status: Menunggu jam 12 malam... Sisa waktu: 15 menit 56 detik.
[2026-09-06 23:44:18] Status: Menunggu jam 12 malam... Sisa waktu: 15 menit 41 detik.
[2026-09-06 23:44:33] Status: Menunggu jam 12 malam... Sisa waktu: 15 menit 26 detik.
[2026-09-06 23:44:48] Status: Menunggu jam 12 malam... Sisa waktu: 15 menit 11 detik.
[2026-09-06 23:45:03] Status: Menunggu jam 12 malam... Sisa waktu: 14 menit 56 detik.
[2026-09-06 23:45:18] Status: Menunggu jam 12 malam... Sisa waktu: 14 menit 41 detik.
[2026-09-06 23:45:33] Status: Menunggu jam 12 malam... Sisa waktu: 14 menit 26 detik.
[2026-09-06 23:45:48] Status: Menunggu jam 12 malam... Sisa waktu: 14 menit 11 detik.
[2026-09-06 23:46:03] Status: Menunggu jam 12 malam... Sisa waktu: 13 menit 56 detik.
[2026-09-06 23:46:18] Status: Menunggu jam 12 malam... Sisa waktu: 13 menit 41 detik.
[2026-09-06 23:46:33] Status: Menunggu jam 12 malam... Sisa waktu: 13 menit 26 detik.
[2026-09-06 23:46:48] Status: Menunggu jam 12 malam... Sisa waktu: 13 menit 11 detik.
[2026-09-06 23:47:03] Status: Menunggu jam 12 malam... Sisa waktu: 12 menit 56 detik.
[2026-09-06 23:47:18] Status: Menunggu jam 12 malam... Sisa waktu: 12 menit 41 detik.
[2026-09-06 23:47:33] Status: Menunggu jam 12 malam... Sisa waktu: 12 menit 26 detik.
[2026-09-06 23:47:48] Status: Menunggu jam 12 malam... Sisa waktu: 12 menit 11 detik.
[2026-09-06 23:48:04] Status: Menunggu jam 12 malam... Sisa waktu: 11 menit 56 detik.
[2026-09-06 23:48:19] Status: Menunggu jam 12 malam... Sisa waktu: 11 menit 41 detik.
[2026-09-06 23:48:34] Status: Menunggu jam 12 malam... Sisa waktu: 11 menit 26 detik.
[2026-09-06 23:48:49] Status: Menunggu jam 12 malam... Sisa waktu: 11 menit 11 detik.
[2026-09-06 23:49:04] Status: Menunggu jam 12 malam... Sisa waktu: 10 menit 56 detik.
[2026-09-06 23:49:19] Status: Menunggu jam 12 malam... Sisa waktu: 10 menit 41 detik.
[2026-09-06 23:49:34] Status: Menunggu jam 12 malam... Sisa waktu: 10 menit 26 detik.
[2026-09-06 23:49:49] Status: Menunggu jam 12 malam... Sisa waktu: 10 menit 11 detik.
[2026-09-06 23:50:04] Status: Menunggu jam 12 malam... Sisa waktu: 9 menit 56 detik.
[2026-09-06 23:50:19] Status: Menunggu jam 12 malam... Sisa waktu: 9 menit 41 detik.
[2026-09-06 23:50:34] Status: Menunggu jam 12 malam... Sisa waktu: 9 menit 26 detik.
[2026-09-06 23:50:49] Status: Menunggu jam 12 malam... Sisa waktu: 9 menit 11 detik.
[2026-09-06 23:51:04] Status: Menunggu jam 12 malam... Sisa waktu: 8 menit 55 detik.
[2026-09-06 23:51:19] Status: Menunggu jam 12 malam... Sisa waktu: 8 menit 40 detik.
[2026-09-06 23:51:34] Status: Menunggu jam 12 malam... Sisa waktu: 8 menit 25 detik.
[2026-09-06 23:51:49] Status: Menunggu jam 12 malam... Sisa waktu: 8 menit 10 detik.
[2026-09-06 23:52:04] Status: Menunggu jam 12 malam... Sisa waktu: 7 menit 55 detik.
[2026-09-06 23:52:19] Status: Menunggu jam 12 malam... Sisa waktu: 7 menit 40 detik.
[2026-09-06 23:52:34] Status: Menunggu jam 12 malam... Sisa waktu: 7 menit 25 detik.
[2026-09-06 23:52:49] Status: Menunggu jam 12 malam... Sisa waktu: 7 menit 10 detik.
[2026-09-06 23:53:04] Status: Menunggu jam 12 malam... Sisa waktu: 6 menit 55 detik.
[2026-09-06 23:53:20] Status: Menunggu jam 12 malam... Sisa waktu: 6 menit 40 detik.
[2026-09-06 23:53:35] Status: Menunggu jam 12 malam... Sisa waktu: 6 menit 25 detik.
[2026-09-06 23:53:50] Status: Menunggu jam 12 malam... Sisa waktu: 6 menit 10 detik.
[2026-09-06 23:54:05] Status: Menunggu jam 12 malam... Sisa waktu: 5 menit 55 detik.
[2026-09-06 23:54:20] Status: Menunggu jam 12 malam... Sisa waktu: 5 menit 40 detik.
[2026-09-06 23:54:35] Status: Menunggu jam 12 malam... Sisa waktu: 5 menit 25 detik.
[2026-09-06 23:54:50] Status: Menunggu jam 12 malam... Sisa waktu: 5 menit 10 detik.
[2026-09-06 23:55:05] Status: Menunggu jam 12 malam... Sisa waktu: 4 menit 55 detik.
[2026-09-06 23:55:20] Status: Menunggu jam 12 malam... Sisa waktu: 4 menit 40 detik.
[2026-09-06 23:55:35] Status: Menunggu jam 12 malam... Sisa waktu: 4 menit 25 detik.
[2026-09-06 23:55:50] Status: Menunggu jam 12 malam... Sisa waktu: 4 menit 10 detik.
[2026-09-06 23:56:05] Status: Menunggu jam 12 malam... Sisa waktu: 3 menit 55 detik.
[2026-09-06 23:56:20] Status: Menunggu jam 12 malam... Sisa waktu: 3 menit 40 detik.
[2026-09-06 23:56:35] Status: Menunggu jam 12 malam... Sisa waktu: 3 menit 25 detik.
[2026-09-06 23:56:50] Status: Menunggu jam 12 malam... Sisa waktu: 3 menit 10 detik.
[2026-09-06 23:57:05] Status: Menunggu jam 12 malam... Sisa waktu: 2 menit 55 detik.
[2026-09-06 23:57:20] Status: Menunggu jam 12 malam... Sisa waktu: 2 menit 40 detik.
[2026-09-06 23:57:35] Status: Menunggu jam 12 malam... Sisa waktu: 2 menit 25 detik.
[2026-09-06 23:57:50] Status: Menunggu jam 12 malam... Sisa waktu: 2 menit 10 detik.
[2026-09-06 23:58:05] Status: Menunggu jam 12 malam... Sisa waktu: 1 menit 54 detik.
[2026-09-06 23:58:20] Status: Menunggu jam 12 malam... Sisa waktu: 1 menit 39 detik.
[2026-09-06 23:58:35] Status: Menunggu jam 12 malam... Sisa waktu: 1 menit 24 detik.
[2026-09-06 23:58:50] Status: Menunggu jam 12 malam... Sisa waktu: 1 menit 9 detik.
[2026-09-06 23:59:05] Status: Menunggu jam 12 malam... Sisa waktu: 0 menit 54 detik.
[2026-09-06 23:59:20] Status: Menunggu jam 12 malam... Sisa waktu: 0 menit 39 detik.
[2026-09-06 23:59:35] Status: Menunggu jam 12 malam... Sisa waktu: 0 menit 24 detik.
[2026-09-06 23:59:50] Status: Menunggu jam 12 malam... Sisa waktu: 0 menit 9 detik.
[2026-09-07 00:00:05] WAKTU TERCAPAI: TEPAT JAM 12 MALAM (00:00 WIB)!
[2026-09-07 00:00:05] Memulai eksekusi Git Add, Commit, dan Push ke GitHub Pages...
[2026-09-07 00:00:06] Git Add: warning: in the working copy of 'index.html', LF will be replaced by CRLF the next time Git touches it
[2026-09-07 00:00:07] Git Commit: [main d47412a] Penutupan sesi pendaftaran dan peralihan ke tahap seleksi berkas  1 file changed, 97 insertions(+), 75 deletions(-)
[2026-09-07 00:00:19] Git Push: To https://github.com/rijaldakwahmedialab-dev/RijalDakwah.git    c30a902..d47412a  main -> main
[2026-09-07 00:00:19] === SELESAI! PERUBAHAN RESMI LIVE DI GITHUB PAGES ===
